0 verbose cli /usr/local/bin/node /usr/local/bin/npm
1 info using npm@11.11.1
2 info using node@v25.8.2
3 silly config load:file:/usr/local/lib/node_modules/npm/npmrc
4 silly config load:file:/Users/aj/Downloads/The Beat Vault - Premium DJ Edit Packs & Music_files/ทำเว็บ/RunMusicDjDigital/.npmrc
5 silly config load:file:/Users/aj/.npmrc
6 silly config load:file:/usr/local/etc/npmrc
7 verbose title npm install
8 verbose argv "install" "--cache" ".npm-cache"
9 verbose logfile logs-max:10 dir:/Users/aj/Downloads/The Beat Vault - Premium DJ Edit Packs & Music_files/ทำเว็บ/RunMusicDjDigital/.npm-cache/_logs/2026-05-17T04_25_16_732Z-
10 verbose logfile /Users/aj/Downloads/The Beat Vault - Premium DJ Edit Packs & Music_files/ทำเว็บ/RunMusicDjDigital/.npm-cache/_logs/2026-05-17T04_25_16_732Z-debug-0.log
11 silly logfile done cleaning log files
12 silly packumentCache heap:4496293888 maxSize:1124073472 maxEntrySize:562036736
13 silly idealTree buildDeps
14 silly fetch manifest @supabase/supabase-js@^2.39.7
15 silly packumentCache full:https://registry.npmjs.org/@supabase%2fsupabase-js cache-miss
16 verbose shrinkwrap failed to load node_modules/.package-lock.json out of date, updated: node_modules
17 http fetch GET 200 https://registry.npmjs.org/@supabase%2fsupabase-js 731ms (cache miss)
18 silly packumentCache full:https://registry.npmjs.org/@supabase%2fsupabase-js set size:undefined disposed:false
19 silly placeDep ROOT @supabase/supabase-js@2.105.4 OK for: runmusicdjdigital@1.0.0 want: ^2.39.7
20 silly fetch manifest @supabase/auth-js@2.105.4
21 silly packumentCache full:https://registry.npmjs.org/@supabase%2fauth-js cache-miss
22 silly fetch manifest @supabase/storage-js@2.105.4
23 silly packumentCache full:https://registry.npmjs.org/@supabase%2fstorage-js cache-miss
24 silly fetch manifest @supabase/realtime-js@2.105.4
25 silly packumentCache full:https://registry.npmjs.org/@supabase%2frealtime-js cache-miss
26 silly fetch manifest @supabase/functions-js@2.105.4
27 silly packumentCache full:https://registry.npmjs.org/@supabase%2ffunctions-js cache-miss
28 silly fetch manifest @supabase/postgrest-js@2.105.4
29 silly packumentCache full:https://registry.npmjs.org/@supabase%2fpostgrest-js cache-miss
30 http fetch GET 200 https://registry.npmjs.org/@supabase%2fauth-js 142ms (cache miss)
31 silly packumentCache full:https://registry.npmjs.org/@supabase%2fauth-js set size:undefined disposed:false
32 http fetch GET 200 https://registry.npmjs.org/@supabase%2fpostgrest-js 377ms (cache miss)
33 silly packumentCache full:https://registry.npmjs.org/@supabase%2fpostgrest-js set size:undefined disposed:false
34 http fetch GET 200 https://registry.npmjs.org/@supabase%2frealtime-js 644ms (cache miss)
35 silly packumentCache full:https://registry.npmjs.org/@supabase%2frealtime-js set size:undefined disposed:false
36 http fetch GET 200 https://registry.npmjs.org/@supabase%2fstorage-js 820ms (cache miss)
37 silly packumentCache full:https://registry.npmjs.org/@supabase%2fstorage-js set size:undefined disposed:false
38 http fetch GET 200 https://registry.npmjs.org/@supabase%2ffunctions-js 860ms (cache miss)
39 silly packumentCache full:https://registry.npmjs.org/@supabase%2ffunctions-js set size:undefined disposed:false
40 silly placeDep ROOT @supabase/auth-js@2.105.4 OK for: @supabase/supabase-js@2.105.4 want: 2.105.4
41 silly placeDep ROOT @supabase/functions-js@2.105.4 OK for: @supabase/supabase-js@2.105.4 want: 2.105.4
42 silly placeDep ROOT @supabase/postgrest-js@2.105.4 OK for: @supabase/supabase-js@2.105.4 want: 2.105.4
43 silly placeDep ROOT @supabase/realtime-js@2.105.4 OK for: @supabase/supabase-js@2.105.4 want: 2.105.4
44 silly placeDep ROOT @supabase/storage-js@2.105.4 OK for: @supabase/supabase-js@2.105.4 want: 2.105.4
45 silly fetch manifest tslib@2.8.1
46 silly packumentCache full:https://registry.npmjs.org/tslib cache-miss
47 silly fetch manifest tslib@2.8.1
48 silly packumentCache full:https://registry.npmjs.org/tslib cache-miss
49 silly fetch manifest tslib@2.8.1
50 silly packumentCache full:https://registry.npmjs.org/tslib cache-miss
51 silly fetch manifest tslib@2.8.1
52 silly packumentCache full:https://registry.npmjs.org/tslib cache-miss
53 silly fetch manifest @supabase/phoenix@^0.4.2
54 silly packumentCache full:https://registry.npmjs.org/@supabase%2fphoenix cache-miss
55 silly fetch manifest tslib@2.8.1
56 silly packumentCache full:https://registry.npmjs.org/tslib cache-miss
57 silly fetch manifest iceberg-js@^0.8.1
58 silly packumentCache full:https://registry.npmjs.org/iceberg-js cache-miss
59 http fetch GET 200 https://registry.npmjs.org/tslib 89ms (cache miss)
60 silly packumentCache full:https://registry.npmjs.org/tslib set size:undefined disposed:false
61 http fetch GET 200 https://registry.npmjs.org/tslib 91ms (cache miss)
62 silly packumentCache full:https://registry.npmjs.org/tslib set size:undefined disposed:false
63 http fetch GET 200 https://registry.npmjs.org/iceberg-js 293ms (cache miss)
64 silly packumentCache full:https://registry.npmjs.org/iceberg-js set size:undefined disposed:false
65 http fetch GET 200 https://registry.npmjs.org/tslib 367ms (cache miss)
66 silly packumentCache full:https://registry.npmjs.org/tslib set size:undefined disposed:false
67 http fetch GET 200 https://registry.npmjs.org/tslib 367ms (cache miss)
68 silly packumentCache full:https://registry.npmjs.org/tslib set size:undefined disposed:false
69 http fetch GET 200 https://registry.npmjs.org/tslib 376ms (cache miss)
70 silly packumentCache full:https://registry.npmjs.org/tslib set size:undefined disposed:false
71 http fetch GET 200 https://registry.npmjs.org/@supabase%2fphoenix 886ms (cache miss)
72 silly packumentCache full:https://registry.npmjs.org/@supabase%2fphoenix set size:undefined disposed:false
73 silly placeDep ROOT tslib@2.8.1 OK for: @supabase/auth-js@2.105.4 want: 2.8.1
74 silly placeDep ROOT @supabase/phoenix@0.4.2 OK for: @supabase/realtime-js@2.105.4 want: ^0.4.2
75 silly placeDep ROOT iceberg-js@0.8.1 OK for: @supabase/storage-js@2.105.4 want: ^0.8.1
76 silly reify moves {}
77 silly audit bulk request {
77 silly audit   '@alloc/quick-lru': [ '5.2.0' ],
77 silly audit   '@babel/code-frame': [ '7.29.0' ],
77 silly audit   '@babel/compat-data': [ '7.29.3' ],
77 silly audit   '@babel/core': [ '7.29.0' ],
77 silly audit   '@babel/generator': [ '7.29.1' ],
77 silly audit   '@babel/helper-compilation-targets': [ '7.28.6' ],
77 silly audit   '@babel/helper-globals': [ '7.28.0' ],
77 silly audit   '@babel/helper-module-imports': [ '7.28.6' ],
77 silly audit   '@babel/helper-module-transforms': [ '7.28.6' ],
77 silly audit   '@babel/helper-plugin-utils': [ '7.28.6' ],
77 silly audit   '@babel/helper-string-parser': [ '7.27.1' ],
77 silly audit   '@babel/helper-validator-identifier': [ '7.28.5' ],
77 silly audit   '@babel/helper-validator-option': [ '7.27.1' ],
77 silly audit   '@babel/helpers': [ '7.29.2' ],
77 silly audit   '@babel/parser': [ '7.29.3' ],
77 silly audit   '@babel/plugin-transform-react-jsx-self': [ '7.27.1' ],
77 silly audit   '@babel/plugin-transform-react-jsx-source': [ '7.27.1' ],
77 silly audit   '@babel/template': [ '7.28.6' ],
77 silly audit   '@babel/traverse': [ '7.29.0' ],
77 silly audit   '@babel/types': [ '7.29.0' ],
77 silly audit   '@esbuild/aix-ppc64': [ '0.21.5' ],
77 silly audit   '@esbuild/android-arm': [ '0.21.5' ],
77 silly audit   '@esbuild/android-arm64': [ '0.21.5' ],
77 silly audit   '@esbuild/android-x64': [ '0.21.5' ],
77 silly audit   '@esbuild/darwin-arm64': [ '0.21.5' ],
77 silly audit   '@esbuild/darwin-x64': [ '0.21.5' ],
77 silly audit   '@esbuild/freebsd-arm64': [ '0.21.5' ],
77 silly audit   '@esbuild/freebsd-x64': [ '0.21.5' ],
77 silly audit   '@esbuild/linux-arm': [ '0.21.5' ],
77 silly audit   '@esbuild/linux-arm64': [ '0.21.5' ],
77 silly audit   '@esbuild/linux-ia32': [ '0.21.5' ],
77 silly audit   '@esbuild/linux-loong64': [ '0.21.5' ],
77 silly audit   '@esbuild/linux-mips64el': [ '0.21.5' ],
77 silly audit   '@esbuild/linux-ppc64': [ '0.21.5' ],
77 silly audit   '@esbuild/linux-riscv64': [ '0.21.5' ],
77 silly audit   '@esbuild/linux-s390x': [ '0.21.5' ],
77 silly audit   '@esbuild/linux-x64': [ '0.21.5' ],
77 silly audit   '@esbuild/netbsd-x64': [ '0.21.5' ],
77 silly audit   '@esbuild/openbsd-x64': [ '0.21.5' ],
77 silly audit   '@esbuild/sunos-x64': [ '0.21.5' ],
77 silly audit   '@esbuild/win32-arm64': [ '0.21.5' ],
77 silly audit   '@esbuild/win32-ia32': [ '0.21.5' ],
77 silly audit   '@esbuild/win32-x64': [ '0.21.5' ],
77 silly audit   '@jridgewell/gen-mapping': [ '0.3.13' ],
77 silly audit   '@jridgewell/remapping': [ '2.3.5' ],
77 silly audit   '@jridgewell/resolve-uri': [ '3.1.2' ],
77 silly audit   '@jridgewell/sourcemap-codec': [ '1.5.5' ],
77 silly audit   '@jridgewell/trace-mapping': [ '0.3.31' ],
77 silly audit   '@nodelib/fs.scandir': [ '2.1.5' ],
77 silly audit   '@nodelib/fs.stat': [ '2.0.5' ],
77 silly audit   '@nodelib/fs.walk': [ '1.2.8' ],
77 silly audit   '@rolldown/pluginutils': [ '1.0.0-beta.27' ],
77 silly audit   '@rollup/rollup-android-arm-eabi': [ '4.60.4' ],
77 silly audit   '@rollup/rollup-android-arm64': [ '4.60.4' ],
77 silly audit   '@rollup/rollup-darwin-arm64': [ '4.60.4' ],
77 silly audit   '@rollup/rollup-darwin-x64': [ '4.60.4' ],
77 silly audit   '@rollup/rollup-freebsd-arm64': [ '4.60.4' ],
77 silly audit   '@rollup/rollup-freebsd-x64': [ '4.60.4' ],
77 silly audit   '@rollup/rollup-linux-arm-gnueabihf': [ '4.60.4' ],
77 silly audit   '@rollup/rollup-linux-arm-musleabihf': [ '4.60.4' ],
77 silly audit   '@rollup/rollup-linux-arm64-gnu': [ '4.60.4' ],
77 silly audit   '@rollup/rollup-linux-arm64-musl': [ '4.60.4' ],
77 silly audit   '@rollup/rollup-linux-loong64-gnu': [ '4.60.4' ],
77 silly audit   '@rollup/rollup-linux-loong64-musl': [ '4.60.4' ],
77 silly audit   '@rollup/rollup-linux-ppc64-gnu': [ '4.60.4' ],
77 silly audit   '@rollup/rollup-linux-ppc64-musl': [ '4.60.4' ],
77 silly audit   '@rollup/rollup-linux-riscv64-gnu': [ '4.60.4' ],
77 silly audit   '@rollup/rollup-linux-riscv64-musl': [ '4.60.4' ],
77 silly audit   '@rollup/rollup-linux-s390x-gnu': [ '4.60.4' ],
77 silly audit   '@rollup/rollup-linux-x64-gnu': [ '4.60.4' ],
77 silly audit   '@rollup/rollup-linux-x64-musl': [ '4.60.4' ],
77 silly audit   '@rollup/rollup-openbsd-x64': [ '4.60.4' ],
77 silly audit   '@rollup/rollup-openharmony-arm64': [ '4.60.4' ],
77 silly audit   '@rollup/rollup-win32-arm64-msvc': [ '4.60.4' ],
77 silly audit   '@rollup/rollup-win32-ia32-msvc': [ '4.60.4' ],
77 silly audit   '@rollup/rollup-win32-x64-gnu': [ '4.60.4' ],
77 silly audit   '@rollup/rollup-win32-x64-msvc': [ '4.60.4' ],
77 silly audit   '@types/babel__core': [ '7.20.5' ],
77 silly audit   '@types/babel__generator': [ '7.27.0' ],
77 silly audit   '@types/babel__template': [ '7.4.4' ],
77 silly audit   '@types/babel__traverse': [ '7.28.0' ],
77 silly audit   '@types/estree': [ '1.0.8' ],
77 silly audit   '@vitejs/plugin-react': [ '4.7.0' ],
77 silly audit   'any-promise': [ '1.3.0' ],
77 silly audit   anymatch: [ '3.1.3' ],
77 silly audit   arg: [ '5.0.2' ],
77 silly audit   autoprefixer: [ '10.5.0' ],
77 silly audit   'baseline-browser-mapping': [ '2.10.30' ],
77 silly audit   'binary-extensions': [ '2.3.0' ],
77 silly audit   braces: [ '3.0.3' ],
77 silly audit   browserslist: [ '4.28.2' ],
77 silly audit   'camelcase-css': [ '2.0.1' ],
77 silly audit   'caniuse-lite': [ '1.0.30001792' ],
77 silly audit   chokidar: [ '3.6.0' ],
77 silly audit   'glob-parent': [ '5.1.2', '6.0.2' ],
77 silly audit   commander: [ '4.1.1' ],
77 silly audit   'convert-source-map': [ '2.0.0' ],
77 silly audit   cssesc: [ '3.0.0' ],
77 silly audit   debug: [ '4.4.3' ],
77 silly audit   didyoumean: [ '1.2.2' ],
77 silly audit   dlv: [ '1.1.3' ],
77 silly audit   'electron-to-chromium': [ '1.5.357' ],
77 silly audit   'es-errors': [ '1.3.0' ],
77 silly audit   esbuild: [ '0.21.5' ],
77 silly audit   escalade: [ '3.2.0' ],
77 silly audit   'fast-glob': [ '3.3.3' ],
77 silly audit   fastq: [ '1.20.1' ],
77 silly audit   'fill-range': [ '7.1.1' ],
77 silly audit   'fraction.js': [ '5.3.4' ],
77 silly audit   fsevents: [ '2.3.3' ],
77 silly audit   'function-bind': [ '1.1.2' ],
77 silly audit   gensync: [ '1.0.0-beta.2' ],
77 silly audit   hasown: [ '2.0.3' ],
77 silly audit   'is-binary-path': [ '2.1.0' ],
77 silly audit   'is-core-module': [ '2.16.2' ],
77 silly audit   'is-extglob': [ '2.1.1' ],
77 silly audit   'is-glob': [ '4.0.3' ],
77 silly audit   'is-number': [ '7.0.0' ],
77 silly audit   jiti: [ '1.21.7' ],
77 silly audit   'js-tokens': [ '4.0.0' ],
77 silly audit   jsesc: [ '3.1.0' ],
77 silly audit   json5: [ '2.2.3' ],
77 silly audit   lilconfig: [ '3.1.3' ],
77 silly audit   'lines-and-columns': [ '1.2.4' ],
77 silly audit   'loose-envify': [ '1.4.0' ],
77 silly audit   'lru-cache': [ '5.1.1' ],
77 silly audit   'lucide-react': [ '0.344.0' ],
77 silly audit   merge2: [ '1.4.1' ],
77 silly audit   micromatch: [ '4.0.8' ],
77 silly audit   ms: [ '2.1.3' ],
77 silly audit   mz: [ '2.7.0' ],
77 silly audit   nanoid: [ '3.3.12' ],
77 silly audit   'node-releases': [ '2.0.44' ],
77 silly audit   'normalize-path': [ '3.0.0' ],
77 silly audit   'object-assign': [ '4.1.1' ],
77 silly audit   'object-hash': [ '3.0.0' ],
77 silly audit   'path-parse': [ '1.0.7' ],
77 silly audit   picocolors: [ '1.1.1' ],
77 silly audit   picomatch: [ '2.3.2', '4.0.4' ],
77 silly audit   pify: [ '2.3.0' ],
77 silly audit   pirates: [ '4.0.7' ],
77 silly audit   postcss: [ '8.5.14' ],
77 silly audit   'postcss-import': [ '15.1.0' ],
77 silly audit   'postcss-js': [ '4.1.0' ],
77 silly audit   'postcss-load-config': [ '6.0.1' ],
77 silly audit   'postcss-nested': [ '6.2.0' ],
77 silly audit   'postcss-selector-parser': [ '6.1.2' ],
77 silly audit   'postcss-value-parser': [ '4.2.0' ],
77 silly audit   'queue-microtask': [ '1.2.3' ],
77 silly audit   react: [ '18.3.1' ],
77 silly audit   'react-dom': [ '18.3.1' ],
77 silly audit   'react-refresh': [ '0.17.0' ],
77 silly audit   'read-cache': [ '1.0.0' ],
77 silly audit   readdirp: [ '3.6.0' ],
77 silly audit   resolve: [ '1.22.12' ],
77 silly audit   reusify: [ '1.1.0' ],
77 silly audit   rollup: [ '4.60.4' ],
77 silly audit   'run-parallel': [ '1.2.0' ],
77 silly audit   scheduler: [ '0.23.2' ],
77 silly audit   semver: [ '6.3.1' ],
77 silly audit   'source-map-js': [ '1.2.1' ],
77 silly audit   sucrase: [ '3.35.1' ],
77 silly audit   'supports-preserve-symlinks-flag': [ '1.0.0' ],
77 silly audit   tailwindcss: [ '3.4.19' ],
77 silly audit   thenify: [ '3.3.1' ],
77 silly audit   'thenify-all': [ '1.6.0' ],
77 silly audit   tinyglobby: [ '0.2.16' ],
77 silly audit   fdir: [ '6.5.0' ],
77 silly audit   'to-regex-range': [ '5.0.1' ],
77 silly audit   'ts-interface-checker': [ '0.1.13' ],
77 silly audit   'update-browserslist-db': [ '1.2.3' ],
77 silly audit   'util-deprecate': [ '1.0.2' ],
77 silly audit   vite: [ '5.4.21' ],
77 silly audit   yallist: [ '3.1.1' ],
77 silly audit   '@supabase/supabase-js': [ '2.105.4' ],
77 silly audit   '@supabase/auth-js': [ '2.105.4' ],
77 silly audit   '@supabase/functions-js': [ '2.105.4' ],
77 silly audit   '@supabase/postgrest-js': [ '2.105.4' ],
77 silly audit   '@supabase/realtime-js': [ '2.105.4' ],
77 silly audit   '@supabase/storage-js': [ '2.105.4' ],
77 silly audit   tslib: [ '2.8.1' ],
77 silly audit   '@supabase/phoenix': [ '0.4.2' ],
77 silly audit   'iceberg-js': [ '0.8.1' ]
77 silly audit }
78 http cache @supabase/phoenix@https://registry.npmjs.org/@supabase/phoenix/-/phoenix-0.4.2.tgz 0ms (cache hit)
79 http cache @supabase/storage-js@https://registry.npmjs.org/@supabase/storage-js/-/storage-js-2.105.4.tgz 0ms (cache hit)
80 http cache iceberg-js@https://registry.npmjs.org/iceberg-js/-/iceberg-js-0.8.1.tgz 0ms (cache hit)
81 http cache @supabase/realtime-js@https://registry.npmjs.org/@supabase/realtime-js/-/realtime-js-2.105.4.tgz 0ms (cache hit)
82 http cache @supabase/postgrest-js@https://registry.npmjs.org/@supabase/postgrest-js/-/postgrest-js-2.105.4.tgz 0ms (cache hit)
83 http cache @supabase/auth-js@https://registry.npmjs.org/@supabase/auth-js/-/auth-js-2.105.4.tgz 0ms (cache hit)
84 http cache @supabase/supabase-js@https://registry.npmjs.org/@supabase/supabase-js/-/supabase-js-2.105.4.tgz 0ms (cache hit)
85 http cache fsevents@https://registry.npmjs.org/fsevents/-/fsevents-2.3.3.tgz 0ms (cache hit)
86 http cache @supabase/functions-js@https://registry.npmjs.org/@supabase/functions-js/-/functions-js-2.105.4.tgz 0ms (cache hit)
87 http cache tslib@https://registry.npmjs.org/tslib/-/tslib-2.8.1.tgz 0ms (cache hit)
88 silly tarball no local data for @supabase/phoenix@https://registry.npmjs.org/@supabase/phoenix/-/phoenix-0.4.2.tgz. Extracting by manifest.
89 silly tarball no local data for @supabase/storage-js@https://registry.npmjs.org/@supabase/storage-js/-/storage-js-2.105.4.tgz. Extracting by manifest.
90 silly tarball no local data for iceberg-js@https://registry.npmjs.org/iceberg-js/-/iceberg-js-0.8.1.tgz. Extracting by manifest.
91 silly tarball no local data for @supabase/realtime-js@https://registry.npmjs.org/@supabase/realtime-js/-/realtime-js-2.105.4.tgz. Extracting by manifest.
92 silly tarball no local data for @supabase/postgrest-js@https://registry.npmjs.org/@supabase/postgrest-js/-/postgrest-js-2.105.4.tgz. Extracting by manifest.
93 silly tarball no local data for @supabase/auth-js@https://registry.npmjs.org/@supabase/auth-js/-/auth-js-2.105.4.tgz. Extracting by manifest.
94 silly tarball no local data for @supabase/supabase-js@https://registry.npmjs.org/@supabase/supabase-js/-/supabase-js-2.105.4.tgz. Extracting by manifest.
95 silly tarball no local data for @supabase/functions-js@https://registry.npmjs.org/@supabase/functions-js/-/functions-js-2.105.4.tgz. Extracting by manifest.
96 silly tarball no local data for tslib@https://registry.npmjs.org/tslib/-/tslib-2.8.1.tgz. Extracting by manifest.
97 http fetch GET 200 https://registry.npmjs.org/iceberg-js/-/iceberg-js-0.8.1.tgz 91ms (cache miss)
98 http fetch GET 200 https://registry.npmjs.org/@supabase/phoenix/-/phoenix-0.4.2.tgz 185ms (cache miss)
99 http fetch GET 200 https://registry.npmjs.org/@supabase/storage-js/-/storage-js-2.105.4.tgz 214ms (cache miss)
100 http fetch POST 200 https://registry.npmjs.org/-/npm/v1/security/advisories/bulk 268ms
101 silly audit report {
101 silly audit report   esbuild: [
101 silly audit report     {
101 silly audit report       id: 1102341,
101 silly audit report       url: 'https://github.com/advisories/GHSA-67mh-4wv8-2f99',
101 silly audit report       title: 'esbuild enables any website to send any requests to the development server and read the response',
101 silly audit report       severity: 'moderate',
101 silly audit report       vulnerable_versions: '<=0.24.2',
101 silly audit report       cwe: [Array],
101 silly audit report       cvss: [Object]
101 silly audit report     }
101 silly audit report   ],
101 silly audit report   vite: [
101 silly audit report     {
101 silly audit report       id: 1116229,
101 silly audit report       url: 'https://github.com/advisories/GHSA-4w7w-66w2-5vf9',
101 silly audit report       title: 'Vite Vulnerable to Path Traversal in Optimized Deps `.map` Handling',
101 silly audit report       severity: 'moderate',
101 silly audit report       vulnerable_versions: '<=6.4.1',
101 silly audit report       cwe: [Array],
101 silly audit report       cvss: [Object]
101 silly audit report     }
101 silly audit report   ]
101 silly audit report }
102 silly packumentCache corgi:https://registry.npmjs.org/esbuild cache-miss
103 silly packumentCache corgi:https://registry.npmjs.org/vite cache-miss
104 http fetch GET 200 https://registry.npmjs.org/tslib/-/tslib-2.8.1.tgz 328ms (cache miss)
105 http fetch GET 200 https://registry.npmjs.org/vite 105ms (cache revalidated)
106 silly packumentCache corgi:https://registry.npmjs.org/vite set size:2246766 disposed:false
107 http fetch GET 200 https://registry.npmjs.org/esbuild 144ms (cache revalidated)
108 silly packumentCache corgi:https://registry.npmjs.org/esbuild set size:885757 disposed:false
109 silly packumentCache corgi:https://registry.npmjs.org/@vitejs%2fplugin-react cache-miss
110 http fetch GET 200 https://registry.npmjs.org/@supabase/realtime-js/-/realtime-js-2.105.4.tgz 510ms (cache miss)
111 http fetch GET 200 https://registry.npmjs.org/@vitejs%2fplugin-react 106ms (cache revalidated)
112 silly packumentCache corgi:https://registry.npmjs.org/@vitejs%2fplugin-react set size:113751 disposed:false
113 http fetch GET 200 https://registry.npmjs.org/@supabase/supabase-js/-/supabase-js-2.105.4.tgz 665ms (cache miss)
114 http fetch GET 200 https://registry.npmjs.org/@supabase/postgrest-js/-/postgrest-js-2.105.4.tgz 669ms (cache miss)
115 http fetch GET 200 https://registry.npmjs.org/@supabase/auth-js/-/auth-js-2.105.4.tgz 818ms (cache miss)
116 http fetch GET 200 https://registry.npmjs.org/@supabase/functions-js/-/functions-js-2.105.4.tgz 1038ms (cache miss)
117 silly ADD node_modules/iceberg-js
118 silly ADD node_modules/@supabase/phoenix
119 silly ADD node_modules/tslib
120 silly ADD node_modules/@supabase/storage-js
121 silly ADD node_modules/@supabase/realtime-js
122 silly ADD node_modules/@supabase/postgrest-js
123 silly ADD node_modules/@supabase/functions-js
124 silly ADD node_modules/@supabase/auth-js
125 silly ADD node_modules/@supabase/supabase-js
126 silly ADD node_modules/fsevents
127 verbose cwd /Users/aj/Downloads/The Beat Vault - Premium DJ Edit Packs & Music_files/ทำเว็บ/RunMusicDjDigital
128 verbose os Darwin 24.6.0
129 verbose node v25.8.2
130 verbose npm  v11.11.1
131 verbose exit 0
132 info ok
