0 verbose cli /usr/local/bin/node /usr/local/bin/npm
1 info using npm@11.11.1
2 info using node@v25.8.2
3 silly config load:file:/usr/local/lib/node_modules/npm/npmrc
4 silly config load:file:/Users/aj/Downloads/The Beat Vault - Premium DJ Edit Packs & Music_files/ทำเว็บ/RunMusicDjDigital/.npmrc
5 silly config load:file:/Users/aj/.npmrc
6 silly config load:file:/usr/local/etc/npmrc
7 verbose title npm install @stripe/stripe-js
8 verbose argv "install" "@stripe/stripe-js" "--cache" ".npm-cache"
9 verbose logfile logs-max:10 dir:/Users/aj/Downloads/The Beat Vault - Premium DJ Edit Packs & Music_files/ทำเว็บ/RunMusicDjDigital/.npm-cache/_logs/2026-05-17T05_29_16_565Z-
10 verbose logfile /Users/aj/Downloads/The Beat Vault - Premium DJ Edit Packs & Music_files/ทำเว็บ/RunMusicDjDigital/.npm-cache/_logs/2026-05-17T05_29_16_565Z-debug-0.log
11 silly logfile done cleaning log files
12 silly packumentCache heap:4496293888 maxSize:1124073472 maxEntrySize:562036736
13 silly idealTree buildDeps
14 silly fetch manifest @stripe/stripe-js@*
15 silly packumentCache full:https://registry.npmjs.org/@stripe%2fstripe-js cache-miss
16 http fetch GET 200 https://registry.npmjs.org/@stripe%2fstripe-js 705ms (cache miss)
17 silly packumentCache full:https://registry.npmjs.org/@stripe%2fstripe-js set size:undefined disposed:false
18 silly placeDep ROOT @stripe/stripe-js@9.5.0 OK for: runmusicdjdigital@1.0.0 want: *
19 silly reify moves {}
20 silly audit bulk request {
20 silly audit   '@alloc/quick-lru': [ '5.2.0' ],
20 silly audit   '@babel/code-frame': [ '7.29.0' ],
20 silly audit   '@babel/compat-data': [ '7.29.3' ],
20 silly audit   '@babel/core': [ '7.29.0' ],
20 silly audit   '@babel/generator': [ '7.29.1' ],
20 silly audit   '@babel/helper-compilation-targets': [ '7.28.6' ],
20 silly audit   '@babel/helper-globals': [ '7.28.0' ],
20 silly audit   '@babel/helper-module-imports': [ '7.28.6' ],
20 silly audit   '@babel/helper-module-transforms': [ '7.28.6' ],
20 silly audit   '@babel/helper-plugin-utils': [ '7.28.6' ],
20 silly audit   '@babel/helper-string-parser': [ '7.27.1' ],
20 silly audit   '@babel/helper-validator-identifier': [ '7.28.5' ],
20 silly audit   '@babel/helper-validator-option': [ '7.27.1' ],
20 silly audit   '@babel/helpers': [ '7.29.2' ],
20 silly audit   '@babel/parser': [ '7.29.3' ],
20 silly audit   '@babel/plugin-transform-react-jsx-self': [ '7.27.1' ],
20 silly audit   '@babel/plugin-transform-react-jsx-source': [ '7.27.1' ],
20 silly audit   '@babel/template': [ '7.28.6' ],
20 silly audit   '@babel/traverse': [ '7.29.0' ],
20 silly audit   '@babel/types': [ '7.29.0' ],
20 silly audit   '@esbuild/aix-ppc64': [ '0.21.5' ],
20 silly audit   '@esbuild/android-arm': [ '0.21.5' ],
20 silly audit   '@esbuild/android-arm64': [ '0.21.5' ],
20 silly audit   '@esbuild/android-x64': [ '0.21.5' ],
20 silly audit   '@esbuild/darwin-arm64': [ '0.21.5' ],
20 silly audit   '@esbuild/darwin-x64': [ '0.21.5' ],
20 silly audit   '@esbuild/freebsd-arm64': [ '0.21.5' ],
20 silly audit   '@esbuild/freebsd-x64': [ '0.21.5' ],
20 silly audit   '@esbuild/linux-arm': [ '0.21.5' ],
20 silly audit   '@esbuild/linux-arm64': [ '0.21.5' ],
20 silly audit   '@esbuild/linux-ia32': [ '0.21.5' ],
20 silly audit   '@esbuild/linux-loong64': [ '0.21.5' ],
20 silly audit   '@esbuild/linux-mips64el': [ '0.21.5' ],
20 silly audit   '@esbuild/linux-ppc64': [ '0.21.5' ],
20 silly audit   '@esbuild/linux-riscv64': [ '0.21.5' ],
20 silly audit   '@esbuild/linux-s390x': [ '0.21.5' ],
20 silly audit   '@esbuild/linux-x64': [ '0.21.5' ],
20 silly audit   '@esbuild/netbsd-x64': [ '0.21.5' ],
20 silly audit   '@esbuild/openbsd-x64': [ '0.21.5' ],
20 silly audit   '@esbuild/sunos-x64': [ '0.21.5' ],
20 silly audit   '@esbuild/win32-arm64': [ '0.21.5' ],
20 silly audit   '@esbuild/win32-ia32': [ '0.21.5' ],
20 silly audit   '@esbuild/win32-x64': [ '0.21.5' ],
20 silly audit   '@jridgewell/gen-mapping': [ '0.3.13' ],
20 silly audit   '@jridgewell/remapping': [ '2.3.5' ],
20 silly audit   '@jridgewell/resolve-uri': [ '3.1.2' ],
20 silly audit   '@jridgewell/sourcemap-codec': [ '1.5.5' ],
20 silly audit   '@jridgewell/trace-mapping': [ '0.3.31' ],
20 silly audit   '@nodelib/fs.scandir': [ '2.1.5' ],
20 silly audit   '@nodelib/fs.stat': [ '2.0.5' ],
20 silly audit   '@nodelib/fs.walk': [ '1.2.8' ],
20 silly audit   '@rolldown/pluginutils': [ '1.0.0-beta.27' ],
20 silly audit   '@rollup/rollup-android-arm-eabi': [ '4.60.4' ],
20 silly audit   '@rollup/rollup-android-arm64': [ '4.60.4' ],
20 silly audit   '@rollup/rollup-darwin-arm64': [ '4.60.4' ],
20 silly audit   '@rollup/rollup-darwin-x64': [ '4.60.4' ],
20 silly audit   '@rollup/rollup-freebsd-arm64': [ '4.60.4' ],
20 silly audit   '@rollup/rollup-freebsd-x64': [ '4.60.4' ],
20 silly audit   '@rollup/rollup-linux-arm-gnueabihf': [ '4.60.4' ],
20 silly audit   '@rollup/rollup-linux-arm-musleabihf': [ '4.60.4' ],
20 silly audit   '@rollup/rollup-linux-arm64-gnu': [ '4.60.4' ],
20 silly audit   '@rollup/rollup-linux-arm64-musl': [ '4.60.4' ],
20 silly audit   '@rollup/rollup-linux-loong64-gnu': [ '4.60.4' ],
20 silly audit   '@rollup/rollup-linux-loong64-musl': [ '4.60.4' ],
20 silly audit   '@rollup/rollup-linux-ppc64-gnu': [ '4.60.4' ],
20 silly audit   '@rollup/rollup-linux-ppc64-musl': [ '4.60.4' ],
20 silly audit   '@rollup/rollup-linux-riscv64-gnu': [ '4.60.4' ],
20 silly audit   '@rollup/rollup-linux-riscv64-musl': [ '4.60.4' ],
20 silly audit   '@rollup/rollup-linux-s390x-gnu': [ '4.60.4' ],
20 silly audit   '@rollup/rollup-linux-x64-gnu': [ '4.60.4' ],
20 silly audit   '@rollup/rollup-linux-x64-musl': [ '4.60.4' ],
20 silly audit   '@rollup/rollup-openbsd-x64': [ '4.60.4' ],
20 silly audit   '@rollup/rollup-openharmony-arm64': [ '4.60.4' ],
20 silly audit   '@rollup/rollup-win32-arm64-msvc': [ '4.60.4' ],
20 silly audit   '@rollup/rollup-win32-ia32-msvc': [ '4.60.4' ],
20 silly audit   '@rollup/rollup-win32-x64-gnu': [ '4.60.4' ],
20 silly audit   '@rollup/rollup-win32-x64-msvc': [ '4.60.4' ],
20 silly audit   '@supabase/auth-js': [ '2.105.4' ],
20 silly audit   '@supabase/functions-js': [ '2.105.4' ],
20 silly audit   '@supabase/phoenix': [ '0.4.2' ],
20 silly audit   '@supabase/postgrest-js': [ '2.105.4' ],
20 silly audit   '@supabase/realtime-js': [ '2.105.4' ],
20 silly audit   '@supabase/storage-js': [ '2.105.4' ],
20 silly audit   '@supabase/supabase-js': [ '2.105.4' ],
20 silly audit   '@types/babel__core': [ '7.20.5' ],
20 silly audit   '@types/babel__generator': [ '7.27.0' ],
20 silly audit   '@types/babel__template': [ '7.4.4' ],
20 silly audit   '@types/babel__traverse': [ '7.28.0' ],
20 silly audit   '@types/estree': [ '1.0.8' ],
20 silly audit   '@vitejs/plugin-react': [ '4.7.0' ],
20 silly audit   'any-promise': [ '1.3.0' ],
20 silly audit   anymatch: [ '3.1.3' ],
20 silly audit   arg: [ '5.0.2' ],
20 silly audit   autoprefixer: [ '10.5.0' ],
20 silly audit   'baseline-browser-mapping': [ '2.10.30' ],
20 silly audit   'binary-extensions': [ '2.3.0' ],
20 silly audit   braces: [ '3.0.3' ],
20 silly audit   browserslist: [ '4.28.2' ],
20 silly audit   'camelcase-css': [ '2.0.1' ],
20 silly audit   'caniuse-lite': [ '1.0.30001792' ],
20 silly audit   chokidar: [ '3.6.0' ],
20 silly audit   'glob-parent': [ '5.1.2', '6.0.2' ],
20 silly audit   commander: [ '4.1.1' ],
20 silly audit   'convert-source-map': [ '2.0.0' ],
20 silly audit   cssesc: [ '3.0.0' ],
20 silly audit   debug: [ '4.4.3' ],
20 silly audit   didyoumean: [ '1.2.2' ],
20 silly audit   dlv: [ '1.1.3' ],
20 silly audit   'electron-to-chromium': [ '1.5.357' ],
20 silly audit   'es-errors': [ '1.3.0' ],
20 silly audit   esbuild: [ '0.21.5' ],
20 silly audit   escalade: [ '3.2.0' ],
20 silly audit   'fast-glob': [ '3.3.3' ],
20 silly audit   fastq: [ '1.20.1' ],
20 silly audit   'fill-range': [ '7.1.1' ],
20 silly audit   'fraction.js': [ '5.3.4' ],
20 silly audit   fsevents: [ '2.3.3' ],
20 silly audit   'function-bind': [ '1.1.2' ],
20 silly audit   gensync: [ '1.0.0-beta.2' ],
20 silly audit   hasown: [ '2.0.3' ],
20 silly audit   'iceberg-js': [ '0.8.1' ],
20 silly audit   'is-binary-path': [ '2.1.0' ],
20 silly audit   'is-core-module': [ '2.16.2' ],
20 silly audit   'is-extglob': [ '2.1.1' ],
20 silly audit   'is-glob': [ '4.0.3' ],
20 silly audit   'is-number': [ '7.0.0' ],
20 silly audit   jiti: [ '1.21.7' ],
20 silly audit   'js-tokens': [ '4.0.0' ],
20 silly audit   jsesc: [ '3.1.0' ],
20 silly audit   json5: [ '2.2.3' ],
20 silly audit   lilconfig: [ '3.1.3' ],
20 silly audit   'lines-and-columns': [ '1.2.4' ],
20 silly audit   'loose-envify': [ '1.4.0' ],
20 silly audit   'lru-cache': [ '5.1.1' ],
20 silly audit   'lucide-react': [ '0.344.0' ],
20 silly audit   merge2: [ '1.4.1' ],
20 silly audit   micromatch: [ '4.0.8' ],
20 silly audit   ms: [ '2.1.3' ],
20 silly audit   mz: [ '2.7.0' ],
20 silly audit   nanoid: [ '3.3.12' ],
20 silly audit   'node-releases': [ '2.0.44' ],
20 silly audit   'normalize-path': [ '3.0.0' ],
20 silly audit   'object-assign': [ '4.1.1' ],
20 silly audit   'object-hash': [ '3.0.0' ],
20 silly audit   'path-parse': [ '1.0.7' ],
20 silly audit   picocolors: [ '1.1.1' ],
20 silly audit   picomatch: [ '2.3.2', '4.0.4' ],
20 silly audit   pify: [ '2.3.0' ],
20 silly audit   pirates: [ '4.0.7' ],
20 silly audit   postcss: [ '8.5.14' ],
20 silly audit   'postcss-import': [ '15.1.0' ],
20 silly audit   'postcss-js': [ '4.1.0' ],
20 silly audit   'postcss-load-config': [ '6.0.1' ],
20 silly audit   'postcss-nested': [ '6.2.0' ],
20 silly audit   'postcss-selector-parser': [ '6.1.2' ],
20 silly audit   'postcss-value-parser': [ '4.2.0' ],
20 silly audit   'queue-microtask': [ '1.2.3' ],
20 silly audit   react: [ '18.3.1' ],
20 silly audit   'react-dom': [ '18.3.1' ],
20 silly audit   'react-refresh': [ '0.17.0' ],
20 silly audit   'read-cache': [ '1.0.0' ],
20 silly audit   readdirp: [ '3.6.0' ],
20 silly audit   resolve: [ '1.22.12' ],
20 silly audit   reusify: [ '1.1.0' ],
20 silly audit   rollup: [ '4.60.4' ],
20 silly audit   'run-parallel': [ '1.2.0' ],
20 silly audit   scheduler: [ '0.23.2' ],
20 silly audit   semver: [ '6.3.1' ],
20 silly audit   'source-map-js': [ '1.2.1' ],
20 silly audit   sucrase: [ '3.35.1' ],
20 silly audit   'supports-preserve-symlinks-flag': [ '1.0.0' ],
20 silly audit   tailwindcss: [ '3.4.19' ],
20 silly audit   thenify: [ '3.3.1' ],
20 silly audit   'thenify-all': [ '1.6.0' ],
20 silly audit   tinyglobby: [ '0.2.16' ],
20 silly audit   fdir: [ '6.5.0' ],
20 silly audit   'to-regex-range': [ '5.0.1' ],
20 silly audit   'ts-interface-checker': [ '0.1.13' ],
20 silly audit   tslib: [ '2.8.1' ],
20 silly audit   'update-browserslist-db': [ '1.2.3' ],
20 silly audit   'util-deprecate': [ '1.0.2' ],
20 silly audit   vite: [ '5.4.21' ],
20 silly audit   yallist: [ '3.1.1' ],
20 silly audit   '@stripe/stripe-js': [ '9.5.0' ]
20 silly audit }
21 http cache @stripe/stripe-js@https://registry.npmjs.org/@stripe/stripe-js/-/stripe-js-9.5.0.tgz 0ms (cache hit)
22 silly tarball no local data for @stripe/stripe-js@https://registry.npmjs.org/@stripe/stripe-js/-/stripe-js-9.5.0.tgz. Extracting by manifest.
23 http fetch POST 200 https://registry.npmjs.org/-/npm/v1/security/advisories/bulk 297ms
24 silly audit report {
24 silly audit report   esbuild: [
24 silly audit report     {
24 silly audit report       id: 1102341,
24 silly audit report       url: 'https://github.com/advisories/GHSA-67mh-4wv8-2f99',
24 silly audit report       title: 'esbuild enables any website to send any requests to the development server and read the response',
24 silly audit report       severity: 'moderate',
24 silly audit report       vulnerable_versions: '<=0.24.2',
24 silly audit report       cwe: [Array],
24 silly audit report       cvss: [Object]
24 silly audit report     }
24 silly audit report   ],
24 silly audit report   vite: [
24 silly audit report     {
24 silly audit report       id: 1116229,
24 silly audit report       url: 'https://github.com/advisories/GHSA-4w7w-66w2-5vf9',
24 silly audit report       title: 'Vite Vulnerable to Path Traversal in Optimized Deps `.map` Handling',
24 silly audit report       severity: 'moderate',
24 silly audit report       vulnerable_versions: '<=6.4.1',
24 silly audit report       cwe: [Array],
24 silly audit report       cvss: [Object]
24 silly audit report     }
24 silly audit report   ]
24 silly audit report }
25 silly packumentCache corgi:https://registry.npmjs.org/esbuild cache-miss
26 silly packumentCache corgi:https://registry.npmjs.org/vite cache-miss
27 http fetch GET 200 https://registry.npmjs.org/esbuild 93ms (cache revalidated)
28 silly packumentCache corgi:https://registry.npmjs.org/esbuild set size:885757 disposed:false
29 http fetch GET 200 https://registry.npmjs.org/vite 171ms (cache revalidated)
30 silly packumentCache corgi:https://registry.npmjs.org/vite set size:2246766 disposed:false
31 silly packumentCache corgi:https://registry.npmjs.org/@vitejs%2fplugin-react cache-miss
32 http fetch GET 200 https://registry.npmjs.org/@vitejs%2fplugin-react 127ms (cache revalidated)
33 silly packumentCache corgi:https://registry.npmjs.org/@vitejs%2fplugin-react set size:113751 disposed:false
34 http fetch GET 200 https://registry.npmjs.org/@stripe/stripe-js/-/stripe-js-9.5.0.tgz 2034ms (cache miss)
35 silly ADD node_modules/@stripe/stripe-js
36 verbose cwd /Users/aj/Downloads/The Beat Vault - Premium DJ Edit Packs & Music_files/ทำเว็บ/RunMusicDjDigital
37 verbose os Darwin 24.6.0
38 verbose node v25.8.2
39 verbose npm  v11.11.1
40 verbose exit 0
41 info ok
